2026-03-09 19:25:08,000 INFO MapGenerator initialized: 300x300, min_distance=2
2026-03-09 19:26:01,816 INFO Poisson disc sampling complete: 13902 points.
2026-03-09 19:26:01,819 INFO Initialized VoronoiMap with 13902 points, width=300, height=300
2026-03-09 19:26:02,924 INFO Voronoi: 13902 polygons, 13902 cells.
2026-03-09 19:26:02,925 INFO Stage 1 complete: 13902 cells generated.
2026-03-09 19:26:02,926 INFO Initialized ElevationGenerator with seed=12345
2026-03-09 19:26:02,927 INFO Initialized ElevationGenerator with seed=12345
2026-03-09 19:26:02,928 INFO Initialized ElevationGenerator with seed=12345
2026-03-09 19:26:02,929 INFO Initialized ElevationGenerator with seed=12345
2026-03-09 19:26:02,930 INFO Initialized BiomeGenerator with 4 zones, seed=12345
2026-03-09 19:26:02,931 INFO Generating biomes for 13902 cells...
2026-03-09 19:26:03,418 INFO Biome generation complete. Distribution:
2026-03-09 19:26:03,418 INFO   Farmland: 5178 cells (37.2%)
2026-03-09 19:26:03,419 INFO   Forest: 7005 cells (50.4%)
2026-03-09 19:26:03,419 INFO   Hills: 1719 cells (12.4%)
2026-03-09 19:26:03,419 INFO   Rough: 0 cells (0.0%)
2026-03-09 19:26:03,420 INFO Stage 2 complete: biome assignment applied.
2026-03-09 19:26:04,755 INFO Generated 4 river(s), 127 total cells.
2026-03-09 19:26:04,756 INFO Applied terrain_type='river' to 127 cell(s) across 4 river(s).
2026-03-09 19:26:04,756 INFO Stage 3 complete: 4 river(s) requested.
2026-03-09 19:26:17,845 INFO Initialized Simulation with forces: ([type: inf] Regiment(size=4000, stats=(4, 4, 0, 0), law='sq'), [type: inf] Regiment(size=3500, stats=(4, 6, 1, 0), law='sq'))
2026-03-09 19:26:17,845 INFO Building Lanchester differential equations for simulation.
